Microchip MPLAB XC8 PIC(R) Assembler V2.36

Linker command line:

-W-3 --edf=C:\Program Files\Microchip\xc8\v2.36\pic\dat\en_msgs.txt -cs \
  -h+dist/default/production\PIC18F4550_BSF.X.production.sym \
  --cmf=dist/default/production\PIC18F4550_BSF.X.production.cmf -z \
  -Q18F4550 -oC:\Users\matia\AppData\Local\Temp\xcAshmo.4 \
  -ver=XC8 PIC(R) Assembler \
  -Mdist/default/production/PIC18F4550_BSF.X.production.map -E1 \
  --acfsm=1493 -ACODE=00h-07FFFh -ACONST=00h-07FFFh \
  -ASMALLCONST=0800h-08FFhx120 -AMEDIUMCONST=0800h-07FFFh -ACOMRAM=00h-05Fh \
  -AABS1=00h-07FFh -ABIGRAM=00h-07FFh -ARAM=060h-0FFh,0100h-01FFhx7 \
  -ABANK0=060h-0FFh -ABANK1=0100h-01FFh -ABANK2=0200h-02FFh \
  -ABANK3=0300h-03FFh -ABANK4=0400h-04FFh -ABANK5=0500h-05FFh \
  -ABANK6=0600h-06FFh -ABANK7=0700h-07FFh -ASFR=0F60h-0FFFh \
  -ABIGSFR=0F60h-0FFFh -ACONFIG=0300000h-030000Dh -AIDLOC=0200000h-0200007h \
  -AEEDATA=0F00000h-0F000FFh \
  build/default/production/PIC18F4550_AccessRAM.o 

Object code version is 3.11

Machine type is 18F4550



                Name                               Link     Load   Length Selector   Space Scale
build/default/production/PIC18F4550_AccessRAM.o
                absdata                               0        0        4        0       0
                code                               7FEC     7FEC       14     3FF6       0

TOTAL           Name                               Link     Load   Length     Space
        CLASS   CODE           
                code                               7FEC     7FEC       14         0

        CLASS   CONST          

        CLASS   SMALLCONST     

        CLASS   MEDIUMCONST    

        CLASS   COMRAM         

        CLASS   ABS1           

        CLASS   BIGRAM         

        CLASS   RAM            

        CLASS   BANK0          

        CLASS   BANK1          

        CLASS   BANK2          

        CLASS   BANK3          

        CLASS   BANK4          

        CLASS   BANK5          

        CLASS   BANK6          

        CLASS   BANK7          

        CLASS   SFR            

        CLASS   BIGSFR         

        CLASS   CONFIG         

        CLASS   IDLOC          

        CLASS   EEDATA         

        CLASS   UNCLASSED
                absdata                               0        0        4         0


SEGMENTS        Name                           Load    Length   Top    Selector   Space  Class

                code                           007FEC  000014  008000      3FF6       0  CODE    


UNUSED ADDRESS RANGES

        Name                Unused          Largest block    Delta
        BANK0            0060-00FF             A0
        BANK1            0100-01FF            100
        BANK2            0200-02FF            100
        BANK3            0300-03FF            100
        BANK4            0400-04FF            100
        BANK5            0500-05FF            100
        BANK6            0600-06FF            100
        BANK7            0700-07FF            100
        BIGRAM           0004-07FF            7FC
        BIGSFR           0F60-0FFF             A0
        CODE             0004-7FEB           7FE8
        COMRAM           0000-005F             60
        CONFIG           300000-30000D              E
        CONST            0004-7FEB           7FE8
        EEDATA           F00000-F000FF            100
        IDLOC            200000-200007              8
        MEDIUMCONST      0800-7FEB           77EC
        RAM              0060-07FF            100
        SFR              0F60-0FFF             A0
        SMALLCONST       0800-7FEB            100

                                  Symbol Table

__Habsdata     absdata     0004  __Hcode        code        0000
__Hdata        data        0000  __Hedata       edata       0000
__HresetVec    resetVec    0000  __Hspace_0     (abs)       8000
__Hspace_1     (abs)       0000  __Hspace_3     (abs)       0000
__Hudata       udata       0000  __Hudata_acs   udata_acs   0000
__Hudata_bank0 udata_bank0 0000  __Hudata_bank1 udata_bank1 0000
__Hudata_bank2 udata_bank2 0000  __Hudata_bank3 udata_bank3 0000
__Hudata_bank4 udata_bank4 0000  __Hudata_bank5 udata_bank5 0000
__Hudata_bank6 udata_bank6 0000  __Hudata_bank7 udata_bank7 0000
__Labsdata     absdata     0000  __Lcode        code        0000
__Ldata        data        0000  __Ledata       edata       0000
__LresetVec    resetVec    0000  __Lspace_0     (abs)       0000
__Lspace_1     (abs)       0000  __Lspace_3     (abs)       0000
__Ludata       udata       0000  __Ludata_acs   udata_acs   0000
__Ludata_bank0 udata_bank0 0000  __Ludata_bank1 udata_bank1 0000
__Ludata_bank2 udata_bank2 0000  __Ludata_bank3 udata_bank3 0000
__Ludata_bank4 udata_bank4 0000  __Ludata_bank5 udata_bank5 0000
__Ludata_bank6 udata_bank6 0000  __Ludata_bank7 udata_bank7 0000
__S0           (abs)       8000  __S1           (abs)       0000
__S3           (abs)       0000  isa$std        (abs)       0001
isa$xinst      (abs)       0000  
